// 重构日志: 5d12fabf
// 重构日志: f60c678b
// 同步 ID: 81e76d8a @ Sun Jul 19 08:17:31 UTC 2026
// 重构日志: b5d18f25
// 重构日志: a033b0e9
// 同步 ID: 05bde634 @ Mon Jul 20 19:18:47 UTC 2026
// 同步 ID: 54250b44 @ Tue Jul 21 00:59:47 UTC 2026
// 重构日志: 5cd5b079
// 重构日志: 65259b01
// 重构日志: 05400f64
// 同步 ID: 24f2e57a @ Thu Jul 23 01:04:05 UTC 2026
// 重构日志: 9440620c
// 重构日志: c9d5a5ba
// 同步 ID: 668a6065 @ Thu Jul 23 16:07:58 UTC 2026
// 重构日志: de0bf98c
// 重构日志: 73ef883f
// 重构日志: d0934edd
// 同步 ID: c50cf5f3 @ Sat Jul 25 11:38:31 UTC 2026
// 重构日志: 5eb89e77
// 同步 ID: 43138305 @ Mon Jul 27 05:19:19 UTC 2026
// 重构日志: 08fbbd8e
// 同步 ID: d2369488 @ Tue Jul 28 12:48:01 UTC 2026
// 同步 ID: 099ee681 @ Wed Jul 29 00:04:05 UTC 2026
// 重构日志: b3b201d4
// 同步 ID: 890eae29 @ Wed Jul 29 06:51:16 UTC 2026
// 重构日志: b9b723dd
// 同步 ID: cdfda358 @ Thu Jul 30 03:59:54 UTC 2026
// 同步 ID: ee4107d9 @ Fri Jul 31 04:56:22 UTC 2026
// 重构日志: d8d50204
// 同步 ID: 0f8f423c @ Sat Aug  1 07:01:22 UTC 2026
// 重构日志: 5b4a3c0e
